
> frontend@0.1.0 build
> craco build

Creating an optimized production build...
Compiled with warnings.

[eslint] 
src\components\CSVImporter.tsx
  Line 14:10:  'ACTION_LABELS' is defined but never used                                                                    @typescript-eslint/no-unused-vars
  Line 33:6:   React Hook useEffect has a missing dependency: 'readFile'. Either include it or remove the dependency array  react-hooks/exhaustive-deps

src\components\DataDownloadForm.tsx
  Line 17:10:  'ACTION_LABELS' is defined but never used  @typescript-eslint/no-unused-vars

src\components\EfficiencyAddressForm.tsx
  Line 73:6:  React Hook useEffect has a missing dependency: 'fetchPLCInfo'. Either include it or remove the dependency array  react-hooks/exhaustive-deps

src\components\LoggingSettingForm.tsx
  Line 56:6:  React Hook useEffect has a missing dependency: 'fetchPLCInfo'. Either include it or remove the dependency array                  react-hooks/exhaustive-deps
  Line 63:6:  React Hook useEffect has missing dependencies: 'form' and 'validateAddress'. Either include them or remove the dependency array  react-hooks/exhaustive-deps

src\components\features\classifications\classification-columns.tsx
  Line 8:10:  'TECHNICAL_TERMS' is defined but never used  @typescript-eslint/no-unused-vars

src\components\features\logging\logging-setting-form-schema.ts
  Line 2:10:  'VALIDATION_MESSAGES' is defined but never used  @typescript-eslint/no-unused-vars

src\components\features\plcs\plc-columns.tsx
  Line 10:10:  'TECHNICAL_TERMS' is defined but never used  @typescript-eslint/no-unused-vars

src\components\ui\alert.tsx
  Line 39:3:  Headings must have content and the content must be accessible by a screen reader  jsx-a11y/heading-has-content

src\hooks\use-api-error.ts
  Line 4:10:  'ACTION_LABELS' is defined but never used  @typescript-eslint/no-unused-vars

src\localization\utils\term-validator.ts
  Line 112:24:  Unnecessary escape character: \.           no-useless-escape
  Line 306:9:   'opts' is assigned a value but never used  @typescript-eslint/no-unused-vars

src\pages\AlarmAddressesPage.tsx
  Line 78:6:  React Hook useEffect has a missing dependency: 'fetchData'. Either include it or remove the dependency array  react-hooks/exhaustive-deps

src\pages\AlarmGroupCreatePage.tsx
  Line 44:6:  React Hook useEffect has a missing dependency: 'handleError'. Either include it or remove the dependency array  react-hooks/exhaustive-deps

src\pages\AlarmGroupEditPage.tsx
  Line 55:6:  React Hook useEffect has a missing dependency: 'handleError'. Either include it or remove the dependency array  react-hooks/exhaustive-deps

src\pages\AlarmGroupsPage.tsx
  Line 41:6:  React Hook useEffect has a missing dependency: 'fetchData'. Either include it or remove the dependency array  react-hooks/exhaustive-deps

src\pages\ClassificationCreatePage.tsx
  Line 25:6:  React Hook useEffect has a missing dependency: 'fetchGroups'. Either include it or remove the dependency array  react-hooks/exhaustive-deps

src\pages\ClassificationEditPage.tsx
  Line 29:6:  React Hook useEffect has a missing dependency: 'fetchData'. Either include it or remove the dependency array  react-hooks/exhaustive-deps

src\pages\ClassificationsPage.tsx
  Line 27:6:  React Hook useEffect has a missing dependency: 'fetchClassifications'. Either include it or remove the dependency array  react-hooks/exhaustive-deps

src\pages\ClientEditPage.tsx
  Line 30:6:  React Hook useEffect has a missing dependency: 'fetchClient'. Either include it or remove the dependency array  react-hooks/exhaustive-deps

src\pages\CustomerEditPage.tsx
  Line 27:6:  React Hook useEffect has a missing dependency: 'fetchCustomer'. Either include it or remove the dependency array  react-hooks/exhaustive-deps

src\pages\CustomersPage.tsx
  Line 31:6:  React Hook useEffect has a missing dependency: 'fetchCustomers'. Either include it or remove the dependency array  react-hooks/exhaustive-deps

src\pages\DataDownloadPage.tsx
  Line 13:10:  'MESSAGE_FORMATTER' is defined but never used  @typescript-eslint/no-unused-vars

src\pages\DeviceEditPage.tsx
  Line 29:6:  React Hook useEffect has a missing dependency: 'fetchDevice'. Either include it or remove the dependency array  react-hooks/exhaustive-deps

src\pages\DeviceProductSettingsPage.tsx
  Line 26:6:  React Hook useEffect has missing dependencies: 'fetchAvailableProducts' and 'fetchProducts'. Either include them or remove the dependency array  react-hooks/exhaustive-deps

src\pages\EfficiencySettingsPage.tsx
  Line 18:10:  'MESSAGE_FORMATTER' is defined but never used                                                                                                                                             @typescript-eslint/no-unused-vars
  Line 41:6:   React Hook useEffect has missing dependencies: 'fetchClassifications', 'fetchClients', 'fetchDevice', and 'fetchEfficiencyAddresses'. Either include them or remove the dependency array  react-hooks/exhaustive-deps

src\pages\IOSettingsPage.tsx
  Line 24:6:  React Hook useEffect has a missing dependency: 'fetchDevice'. Either include it or remove the dependency array  react-hooks/exhaustive-deps

src\pages\LoggingDataSettingCreatePage.tsx
  Line 3:10:   'FormWrapper' is defined but never used                                                                       @typescript-eslint/no-unused-vars
  Line 13:10:  'ACTION_LABELS' is defined but never used                                                                     @typescript-eslint/no-unused-vars
  Line 27:6:   React Hook useEffect has a missing dependency: 'fetchData'. Either include it or remove the dependency array  react-hooks/exhaustive-deps

src\pages\LoggingDataSettingEditPage.tsx
  Line 32:6:  React Hook useEffect has a missing dependency: 'fetchData'. Either include it or remove the dependency array  react-hooks/exhaustive-deps

src\pages\LoggingDataSettingsPage.tsx
  Line 35:6:  React Hook useEffect has a missing dependency: 'fetchData'. Either include it or remove the dependency array  react-hooks/exhaustive-deps

src\pages\LoggingSettingCreatePage.tsx
  Line 28:6:  React Hook useEffect has a missing dependency: 'fetchData'. Either include it or remove the dependency array  react-hooks/exhaustive-deps

src\pages\LoggingSettingEditPage.tsx
  Line 32:6:  React Hook useEffect has a missing dependency: 'fetchData'. Either include it or remove the dependency array  react-hooks/exhaustive-deps

src\pages\LoggingSettingsPage.tsx
  Line 35:6:  React Hook useEffect has a missing dependency: 'fetchData'. Either include it or remove the dependency array  react-hooks/exhaustive-deps

src\pages\ProductEditPage.tsx
  Line 27:6:  React Hook useEffect has a missing dependency: 'fetchProduct'. Either include it or remove the dependency array  react-hooks/exhaustive-deps

src\pages\ProductsPage.tsx
  Line 31:6:  React Hook useEffect has a missing dependency: 'fetchProducts'. Either include it or remove the dependency array  react-hooks/exhaustive-deps

src\pages\QualityControlSignalsPage.tsx
  Line 34:10:  'parentSignalForNewChild' is assigned a value but never used  @typescript-eslint/no-unused-vars

src\pages\TimeTablePage.tsx
  Line 48:6:  React Hook useEffect has a missing dependency: 'fetchTimeTables'. Either include it or remove the dependency array  react-hooks/exhaustive-deps

src\pages\UserEditPage.tsx
  Line 28:6:  React Hook useEffect has a missing dependency: 'fetchUser'. Either include it or remove the dependency array  react-hooks/exhaustive-deps

src\pages\UsersPage.tsx
  Line 28:6:  React Hook useEffect has a missing dependency: 'fetchUsers'. Either include it or remove the dependency array  react-hooks/exhaustive-deps

src\services\api.ts
  Line 5:62:   'AddressRange' is defined but never used                  @typescript-eslint/no-unused-vars
  Line 25:32:  'QualityControlSignalFormData' is defined but never used  @typescript-eslint/no-unused-vars

Search for the keywords to learn more about each warning.
To ignore, add // eslint-disable-next-line to the line before.

File sizes after gzip:

  241.66 kB  build\static\js\main.342d3f3a.js
  7.88 kB    build\static\css\main.197da102.css
  1.76 kB    build\static\js\317.8b158ac5.chunk.js

The project was built assuming it is hosted at /.
You can control this with the homepage field in your package.json.

The build folder is ready to be deployed.
You may serve it with a static server:

  npm install -g serve
  serve -s build

Find out more about deployment here:

  https://cra.link/deployment

